../Core/Src/main.c:204:5:main	24	static,ignoring_inline_asm
../Core/Src/main.c:308:6:SystemClock_Config	120	static
../Core/Src/main.c:368:6:PeriphCommonClock_Config	192	static
../Core/Src/main.c:387:13:MX_SPI1_Init	8	static
../Core/Src/main.c:436:13:MX_SPI4_Init	8	static
../Core/Src/main.c:484:13:MX_TIM1_Init	120	static
../Core/Src/main.c:563:13:MX_TIM2_Init	64	static
../Core/Src/main.c:621:13:MX_TIM23_Init	40	static
../Core/Src/main.c:664:13:MX_DMA_Init	16	static
../Core/Src/main.c:691:13:MX_GPIO_Init	56	static
../Core/Src/main.c:735:6:HAL_GPIO_EXTI_Callback	24	static
../Core/Src/main.c:751:6:HAL_SPI_TxRxCpltCallback	40	static,ignoring_inline_asm
../Core/Src/main.c:819:6:AD7177_WriteRegister	24	static
../Core/Src/main.c:839:10:AD7177_ReadRegister	48	static
../Core/Src/main.c:856:6:initializeAD7177Board	8	static
../Core/Src/main.c:897:6:readInitializedRegisters	8	static
../Core/Src/main.c:914:7:convertDataToVoltage	24	static
../Core/Src/main.c:935:6:StartDefaultTask	16	static
../Core/Src/main.c:962:6:startEthernetTask	152	static
../Core/Src/main.c:1035:6:MPU_Config	24	static
../Core/Src/main.c:1092:6:HAL_TIM_PeriodElapsedCallback	16	static
../Core/Src/main.c:1110:6:Error_Handler	4	static,ignoring_inline_asm
