../Core/Src/main.c:123:5:main	24	static,ignoring_inline_asm
../Core/Src/main.c:227:6:SystemClock_Config	120	static
../Core/Src/main.c:287:6:PeriphCommonClock_Config	192	static
../Core/Src/main.c:306:13:MX_SPI1_Init	8	static
../Core/Src/main.c:353:13:MX_SPI4_Init	8	static
../Core/Src/main.c:401:13:MX_TIM1_Init	120	static
../Core/Src/main.c:480:13:MX_TIM2_Init	64	static
../Core/Src/main.c:538:13:MX_TIM23_Init	40	static
../Core/Src/main.c:581:13:MX_DMA_Init	16	static
../Core/Src/main.c:608:13:MX_GPIO_Init	56	static
../Core/Src/main.c:650:6:HAL_GPIO_EXTI_Callback	24	static
../Core/Src/main.c:660:6:HAL_SPI_TxRxCpltCallback	40	static,ignoring_inline_asm
../Core/Src/main.c:721:6:AD7177_WriteRegister	24	static
../Core/Src/main.c:739:10:AD7177_ReadRegister	48	static
../Core/Src/main.c:754:6:initializeAD7177Board	8	static
../Core/Src/main.c:789:6:StartDefaultTask	16	static
../Core/Src/main.c:809:6:startEthernetTask	32	static
../Core/Src/main.c:874:6:MPU_Config	24	static
../Core/Src/main.c:931:6:HAL_TIM_PeriodElapsedCallback	16	static
../Core/Src/main.c:949:6:Error_Handler	4	static,ignoring_inline_asm
